**********************
Windows PowerShell transcript start
Start time: 20210909101559
Username: NIH\neyraj2
RunAs User: NIH\neyraj2
Configuration Name: 
Machine: NCATS-1850788-P (Microsoft Windows NT 10.0.19042.0)
Host Application: C:\WINDOWS\System32\WindowsPowerShell\v1.0\powershell.exe
Process ID: 18984
PSVersion: 5.1.19041.1023
PSEdition: Desktop
PSCompatibleVersions: 1.0, 2.0, 3.0, 4.0, 5.0, 5.1.19041.1023
BuildVersion: 10.0.19041.1023
CLRVersion: 4.0.30319.42000
WSManStackVersion: 3.0
PSRemotingProtocolVersion: 2.3
SerializationVersion: 1.1.0.1
**********************
**********************
Command start time: 20210909101635
**********************
PS C:\Users\neyraj2\Spotlight\RaMP-Client> npm run start:dev
npm ERR! enoent ENOENT: no such file or directory, open 'C:\Users\neyraj2\package.json'
npm ERR! enoent This is related to npm not being able to find a file.
npm ERR! enoent

npm ERR! A complete log of this run can be found in:
npm ERR!     C:\Users\neyraj2\AppData\Local\npm-cache\_logs\2021-09-09T14_16_38_226Z-debug.log
**********************
Command start time: 20210909101642
**********************
PS C:\Users\neyraj2\Spotlight\RaMP-Client> cd .\client\
**********************
Command start time: 20210909101644
**********************
PS C:\Users\neyraj2\Spotlight\RaMP-Client\client> npm run start:dev

**********************
Command start time: 20210917113210
**********************
PS C:\Users\neyraj2\Spotlight\RaMP-Client\client> TerminatingError(): "The pipeline has been stopped."
>> TerminatingError(): "The pipeline has been stopped."
**********************
Command start time: 20210920115858
**********************
PS C:\Users\neyraj2\Spotlight\RaMP-Client\client> npm run start:dev

**********************
Command start time: 20210920141333
**********************
PS C:\Users\neyraj2\Spotlight\RaMP-Client\client> TerminatingError(): "The pipeline has been stopped."
>> TerminatingError(): "The pipeline has been stopped."
**********************
Command start time: 20210920141341
**********************
PS C:\Users\neyraj2\Spotlight\RaMP-Client\client> npm run start:dev

**********************
Command start time: 20210920151552
**********************
PS C:\Users\neyraj2\Spotlight\RaMP-Client\client> TerminatingError(): "The pipeline has been stopped."
>> TerminatingError(): "The pipeline has been stopped."
**********************
Command start time: 20210920151654
**********************
PS C:\Users\neyraj2\Spotlight\RaMP-Client\client> ng generate service analyte --flat=false
**********************
Windows PowerShell transcript start
Start time: 20210920151654
Username: NIH\neyraj2
RunAs User: NIH\neyraj2
Configuration Name: 
Machine: NCATS-1850788-P (Microsoft Windows NT 10.0.19042.0)
Host Application: C:\WINDOWS\System32\WindowsPowerShell\v1.0\powershell.exe
Process ID: 18984
PSVersion: 5.1.19041.1023
PSEdition: Desktop
PSCompatibleVersions: 1.0, 2.0, 3.0, 4.0, 5.0, 5.1.19041.1023
BuildVersion: 10.0.19041.1023
CLRVersion: 4.0.30319.42000
WSManStackVersion: 3.0
PSRemotingProtocolVersion: 2.3
SerializationVersion: 1.1.0.1
**********************
**********************
Command start time: 20210920151655
**********************
PS>CommandInvocation(Out-String): "Out-String"
>> ParameterBinding(Out-String): name="InputObject"; value="File C:\Users\neyraj2\AppData\Roaming\npm\ng.ps1 cannot be loaded because running scripts is disabled on this system. For more information, see about_Execution_Policies at https:/go.microsoft.com/fwlink/?LinkID=135170."
ng : File C:\Users\neyraj2\AppData\Roaming\npm\ng.ps1 cannot be loaded because running scripts is disabled on this 
system. For more information, see about_Execution_Policies at https:/go.microsoft.com/fwlink/?LinkID=135170.
At line:1 char:1
+ ng generate service analyte --flat=false
+ ~~
    + CategoryInfo          : SecurityError: (:) [], PSSecurityException
    + FullyQualifiedErrorId : UnauthorizedAccess
ng : File C:\Users\neyraj2\AppData\Roaming\npm\ng.ps1 cannot be loaded because running scripts is disabled on this 
system. For more information, see about_Execution_Policies at https:/go.microsoft.com/fwlink/?LinkID=135170.
At line:1 char:1
+ ng generate service analyte --flat=false
+ ~~
    + CategoryInfo          : SecurityError: (:) [], PSSecurityException
    + FullyQualifiedErrorId : UnauthorizedAccess
ng : File C:\Users\neyraj2\AppData\Roaming\npm\ng.ps1 cannot be loaded because running scripts is disabled on this system. For more information, see about_Execution_Policies at
https:/go.microsoft.com/fwlink/?LinkID=135170.
At line:1 char:1
+ ng generate service analyte --flat=false
+ ~~
    + CategoryInfo          : SecurityError: (:) [], PSSecurityException
    + FullyQualifiedErrorId : UnauthorizedAccess
**********************
Command start time: 20210920151807
**********************
PS C:\Users\neyraj2\Spotlight\RaMP-Client\client> ng generate service analyte --flat=false
**********************
Windows PowerShell transcript start
Start time: 20210920151807
Username: NIH\neyraj2
RunAs User: NIH\neyraj2
Configuration Name: 
Machine: NCATS-1850788-P (Microsoft Windows NT 10.0.19042.0)
Host Application: C:\WINDOWS\System32\WindowsPowerShell\v1.0\powershell.exe
Process ID: 18984
PSVersion: 5.1.19041.1023
PSEdition: Desktop
PSCompatibleVersions: 1.0, 2.0, 3.0, 4.0, 5.0, 5.1.19041.1023
BuildVersion: 10.0.19041.1023
CLRVersion: 4.0.30319.42000
WSManStackVersion: 3.0
PSRemotingProtocolVersion: 2.3
SerializationVersion: 1.1.0.1
**********************
**********************
Command start time: 20210920151807
**********************
PS>CommandInvocation(Out-String): "Out-String"
>> ParameterBinding(Out-String): name="InputObject"; value="File C:\Users\neyraj2\AppData\Roaming\npm\ng.ps1 cannot be loaded because running scripts is disabled on this system. For more information, see about_Execution_Policies at https:/go.microsoft.com/fwlink/?LinkID=135170."
ng : File C:\Users\neyraj2\AppData\Roaming\npm\ng.ps1 cannot be loaded because running scripts is disabled on this 
system. For more information, see about_Execution_Policies at https:/go.microsoft.com/fwlink/?LinkID=135170.
At line:1 char:1
+ ng generate service analyte --flat=false
+ ~~
    + CategoryInfo          : SecurityError: (:) [], PSSecurityException
    + FullyQualifiedErrorId : UnauthorizedAccess
ng : File C:\Users\neyraj2\AppData\Roaming\npm\ng.ps1 cannot be loaded because running scripts is disabled on this 
system. For more information, see about_Execution_Policies at https:/go.microsoft.com/fwlink/?LinkID=135170.
At line:1 char:1
+ ng generate service analyte --flat=false
+ ~~
    + CategoryInfo          : SecurityError: (:) [], PSSecurityException
    + FullyQualifiedErrorId : UnauthorizedAccess
ng : File C:\Users\neyraj2\AppData\Roaming\npm\ng.ps1 cannot be loaded because running scripts is disabled on this system. For more information, see about_Execution_Policies at
https:/go.microsoft.com/fwlink/?LinkID=135170.
At line:1 char:1
+ ng generate service analyte --flat=false
+ ~~
    + CategoryInfo          : SecurityError: (:) [], PSSecurityException
    + FullyQualifiedErrorId : UnauthorizedAccess
